// Jest Snapshot v1, https://goo.gl/fbAQLP

exports[`ExampleComponent ExampleComponent renders 1`] = `
.emotion-0 .freshBoi {
  color: red;
}

<div
  className="emotion-0"
>
  <p
    className="freshBoi"
  >
    This is a fresh boi
  </p>
</div>
`;
